../Core/Src/led_effect.c:11:6:led_effect_stop	24	static
../Core/Src/led_effect.c:19:6:led_effect	32	static
../Core/Src/led_effect.c:25:6:turn_off_all_leds	8	static
../Core/Src/led_effect.c:34:6:turn_on_all_leds	8	static
../Core/Src/led_effect.c:42:6:turn_on_odd_leds	8	static
../Core/Src/led_effect.c:51:6:turn_on_even_leds	8	static
../Core/Src/led_effect.c:61:6:LED_effect1	8	static
../Core/Src/led_effect.c:68:6:LED_effect2	8	static
../Core/Src/led_effect.c:74:6:LED_control	24	static
../Core/Src/led_effect.c:80:6:LED_effect3	8	static
../Core/Src/led_effect.c:87:6:LED_effect4	8	static
