../Core/Src/main.c:80:5:main	48	static,ignoring_inline_asm
../Core/Src/main.c:159:6:SystemClock_Config	88	static
../Core/Src/main.c:213:13:MX_RTC_Init	8	static
../Core/Src/main.c:295:13:lvgl_handler	16	static
../Core/Src/main.c:303:13:Clock_handler	16	static
../Core/Src/main.c:317:13:MX_GPIO_Init	32	static
../Core/Src/main.c:337:13:LTDC_Clock_Init	56	static
../Core/Src/main.c:355:6:led_effect_callback	24	static
../Core/Src/main.c:379:6:DHT11_handler	56	static
../Core/Src/main.c:415:13:MX_TIM1_Init	32	static
../Core/Src/main.c:466:6:HAL_TIM_PeriodElapsedCallback	16	static
../Core/Src/main.c:483:6:Error_Handler	4	static,ignoring_inline_asm
