../Core/Src/main.c:81:5:main	48	static,ignoring_inline_asm
../Core/Src/main.c:160:6:SystemClock_Config	88	static
../Core/Src/main.c:214:13:MX_RTC_Init	8	static
../Core/Src/main.c:296:13:lvgl_handler	16	static
../Core/Src/main.c:304:13:Clock_handler	16	static
../Core/Src/main.c:318:13:MX_GPIO_Init	32	static
../Core/Src/main.c:338:13:LTDC_Clock_Init	56	static
../Core/Src/main.c:356:6:led_effect_callback	24	static
../Core/Src/main.c:380:6:DHT11_handler	56	static
../Core/Src/main.c:416:13:MX_TIM1_Init	32	static
../Core/Src/main.c:467:6:HAL_TIM_PeriodElapsedCallback	16	static
../Core/Src/main.c:484:6:Error_Handler	4	static,ignoring_inline_asm
